<?xml version="1.0" encoding="utf-8"?>
<TestRun id="2c03c62d-e39f-4dd6-91e7-76ff57b091ea" name="Admin@DUNGDEV 2026-09-10 14:33:27" runUser="DUNGDEV\Admin" xmlns="http://microsoft.com/schemas/VisualStudio/TeamTest/2010">
  <Times creation="2026-09-10T14:33:27.3787497+07:00" queuing="2026-09-10T14:33:27.3787502+07:00" start="2026-09-10T14:33:21.9789259+07:00" finish="2026-09-10T14:33:36.4003709+07:00" />
  <TestSettings name="default" id="5a7d73ce-2416-4e70-babd-a3a2ef4e264e">
    <Deployment runDeploymentRoot="Admin_DUNGDEV_2026-09-10_14_33_27" />
  </TestSettings>
  <Results>
    <UnitTestResult executionId="1fb8ab4c-eae2-41aa-be3e-2fd52cbd3b2f" testId="77f80fd0-b8d4-5dda-7da6-380112a4af7f" testName="TOOL_TESTS.Vietsub.VietsubVoiceBoundaryTests.Workflow_NewVoiceAndCacheRebuild_UseSameBoundaryPolicy_AndPreserveProgress(speechAtEnd: False, cueEnd: 4000)" computerName="DUNGDEV" duration="00:00:02.7741710" startTime="2026-09-10T14:33:32.9966440+07:00" endTime="2026-09-10T14:33:35.7721763+07:00" testType="13cdc9d9-ddb5-4fa4-a97d-d965ccfc6d4b" outcome="Passed" testListId="8c84fa94-04c1-424b-9868-57a2d4851a1d" relativeResultsDirectory="1fb8ab4c-eae2-41aa-be3e-2fd52cbd3b2f" />
    <UnitTestResult executionId="c1f70235-b2e6-4c24-a111-220ab2c0b97e" testId="f1ddc1c9-f168-1ea0-825c-6b2fdb43e6cc" testName="TOOL_TESTS.Vietsub.VietsubVoiceBoundaryTests.Workflow_NewVoiceAndCacheRebuild_UseSameBoundaryPolicy_AndPreserveProgress(speechAtEnd: True, cueEnd: 3500)" computerName="DUNGDEV" duration="00:00:02.4966092" startTime="2026-09-10T14:33:30.4977060+07:00" endTime="2026-09-10T14:33:32.9955902+07:00" testType="13cdc9d9-ddb5-4fa4-a97d-d965ccfc6d4b" outcome="Passed" testListId="8c84fa94-04c1-424b-9868-57a2d4851a1d" relativeResultsDirectory="c1f70235-b2e6-4c24-a111-220ab2c0b97e" />
    <UnitTestResult executionId="ed226474-8cde-4773-a55f-06011aa778b2" testId="8887ef2b-4b74-5cd5-b8ef-28dcde0b0d1d" testName="TOOL_TESTS.Vietsub.VietsubVoiceBoundaryTests.Renderer_TrimsOnlyVerifiedTail_AndKeepsSkippedIntervalSilent(rate: 16000, cueEnd: 3500)" computerName="DUNGDEV" duration="00:00:00.1577681" startTime="2026-09-10T14:33:35.9529210+07:00" endTime="2026-09-10T14:33:36.1119452+07:00" testType="13cdc9d9-ddb5-4fa4-a97d-d965ccfc6d4b" outcome="Passed" testListId="8c84fa94-04c1-424b-9868-57a2d4851a1d" relativeResultsDirectory="ed226474-8cde-4773-a55f-06011aa778b2" />
    <UnitTestResult executionId="9edee447-4954-4f63-b24e-fb12db221a1b" testId="4db8e401-b61a-7371-a91a-a965c3e4f32a" testName="TOOL_TESTS.Vietsub.VietsubVoiceSelectionTests.Schema5Migration_DefaultsExistingCuesToEnabled_AndPreservesSelectionOnReopen" computerName="DUNGDEV" duration="00:00:00.1677833" startTime="2026-09-10T14:33:26.1386649+07:00" endTime="2026-09-10T14:33:26.3068570+07:00" testType="13cdc9d9-ddb5-4fa4-a97d-d965ccfc6d4b" outcome="Passed" testListId="8c84fa94-04c1-424b-9868-57a2d4851a1d" relativeResultsDirectory="9edee447-4954-4f63-b24e-fb12db221a1b" />
    <UnitTestResult executionId="359013b3-6958-4116-9fdc-436f3887b1b4" testId="012b3f7b-4515-ca1d-e6e2-ccde5ea80b92" testName="TOOL_TESTS.Vietsub.VietsubVoiceBoundaryTests.Renderer_PreservesOverflowingSpeechOrUnanalyzedTail(duration: 1964, signalEnd: 1964, analyze: True, expectedOverflow: 135)" computerName="DUNGDEV" duration="00:00:00.1987553" startTime="2026-09-10T14:33:27.2344594+07:00" endTime="2026-09-10T14:33:27.4344057+07:00" testType="13cdc9d9-ddb5-4fa4-a97d-d965ccfc6d4b" outcome="Passed" testListId="8c84fa94-04c1-424b-9868-57a2d4851a1d" relativeResultsDirectory="359013b3-6958-4116-9fdc-436f3887b1b4" />
    <UnitTestResult executionId="f237307e-e9e9-4b31-81de-3bff64cdd98c" testId="7eae9083-da77-1d76-ffed-16525fb496b6" testName="TOOL_TESTS.Vietsub.VietsubVoiceBoundaryTests.Renderer_PreservesOverflowingSpeechOrUnanalyzedTail(duration: 1834, signalEnd: 1793, analyze: False, expectedOverflow: 29)" computerName="DUNGDEV" duration="00:00:00.1274000" startTime="2026-09-10T14:33:27.6160219+07:00" endTime="2026-09-10T14:33:27.7446477+07:00" testType="13cdc9d9-ddb5-4fa4-a97d-d965ccfc6d4b" outcome="Passed" testListId="8c84fa94-04c1-424b-9868-57a2d4851a1d" relativeResultsDirectory="f237307e-e9e9-4b31-81de-3bff64cdd98c" />
    <UnitTestResult executionId="93e489ee-9823-4502-885c-223246935826" testId="73d8d05a-c1ca-d793-d22e-b1f88ea8e3ef" testName="TOOL_TESTS.Vietsub.VietsubVoiceBoundaryTests.Renderer_TrimsOnlyVerifiedTail_AndKeepsSkippedIntervalSilent(rate: 22050, cueEnd: 3750)" computerName="DUNGDEV" duration="00:00:00.1701270" startTime="2026-09-10T14:33:36.1124795+07:00" endTime="2026-09-10T14:33:36.2837222+07:00" testType="13cdc9d9-ddb5-4fa4-a97d-d965ccfc6d4b" outcome="Passed" testListId="8c84fa94-04c1-424b-9868-57a2d4851a1d" relativeResultsDirectory="93e489ee-9823-4502-885c-223246935826" />
    <UnitTestResult executionId="e8f2413a-5fdb-42d1-a1f5-facd0a636c10" testId="2b03e70b-a8d5-db0a-c85e-57676fbbb314" testName="TOOL_TESTS.Vietsub.VietsubVoiceBoundaryTests.Workflow_NewVoiceAndCacheRebuild_UseSameBoundaryPolicy_AndPreserveProgress(speechAtEnd: False, cueEnd: 3500)" computerName="DUNGDEV" duration="00:00:02.7495124" startTime="2026-09-10T14:33:27.7451634+07:00" endTime="2026-09-10T14:33:30.4957650+07:00" testType="13cdc9d9-ddb5-4fa4-a97d-d965ccfc6d4b" outcome="Passed" testListId="8c84fa94-04c1-424b-9868-57a2d4851a1d" relativeResultsDirectory="e8f2413a-5fdb-42d1-a1f5-facd0a636c10" />
    <UnitTestResult executionId="b8152fb4-4c63-4c8d-bc77-891b2cdeae9e" testId="f494da7b-bb40-c5e3-bf8d-e2d8e6a3584e" testName="TOOL_TESTS.Vietsub.VietsubVoiceSelectionTests.BatchSelection_IsAtomic_RejectsForeignCuesStaleRevisionAndActiveJobs" computerName="DUNGDEV" duration="00:00:00.0880684" startTime="2026-09-10T14:33:26.3081061+07:00" endTime="2026-09-10T14:33:26.3964950+07:00" testType="13cdc9d9-ddb5-4fa4-a97d-d965ccfc6d4b" outcome="Passed" testListId="8c84fa94-04c1-424b-9868-57a2d4851a1d" relativeResultsDirectory="b8152fb4-4c63-4c8d-bc77-891b2cdeae9e" />
    <UnitTestResult executionId="c5c45880-2441-4aa5-b52c-a50dc07d5d87" testId="828c15b0-1df8-3a6b-9a2b-c7446d4cdded" testName="TOOL_TESTS.Vietsub.VietsubVoiceSelectionTests.SplitAndDuplicate_InheritSkippedVoiceWithoutDeletingSubtitleText" computerName="DUNGDEV" duration="00:00:00.1405328" startTime="2026-09-10T14:33:26.9335599+07:00" endTime="2026-09-10T14:33:27.0755416+07:00" testType="13cdc9d9-ddb5-4fa4-a97d-d965ccfc6d4b" outcome="Passed" testListId="8c84fa94-04c1-424b-9868-57a2d4851a1d" relativeResultsDirectory="c5c45880-2441-4aa5-b52c-a50dc07d5d87" />
    <UnitTestResult executionId="b9e60e8d-0e07-49d6-bc81-60d29c06776f" testId="26903a2a-9d78-5312-a87e-581bfb6dbf0f" testName="TOOL_TESTS.Vietsub.VietsubVoiceBoundaryTests.Renderer_PreservesCueStartingInsideSkippedInterval" computerName="DUNGDEV" duration="00:00:00.1417800" startTime="2026-09-10T14:33:27.0905177+07:00" endTime="2026-09-10T14:33:27.2336754+07:00" testType="13cdc9d9-ddb5-4fa4-a97d-d965ccfc6d4b" outcome="Passed" testListId="8c84fa94-04c1-424b-9868-57a2d4851a1d" relativeResultsDirectory="b9e60e8d-0e07-49d6-bc81-60d29c06776f" />
    <UnitTestResult executionId="fa88b20d-b253-47a6-b364-30aed6de9b72" testId="4485b250-b80d-b04b-9c4f-5559a1a7e252" testName="TOOL_TESTS.Vietsub.VietsubVoiceBoundaryTests.Renderer_TrimsOnlyVerifiedTail_AndKeepsSkippedIntervalSilent(rate: 48000, cueEnd: 4000)" computerName="DUNGDEV" duration="00:00:00.1774645" startTime="2026-09-10T14:33:35.7737537+07:00" endTime="2026-09-10T14:33:35.9525584+07:00" testType="13cdc9d9-ddb5-4fa4-a97d-d965ccfc6d4b" outcome="Passed" testListId="8c84fa94-04c1-424b-9868-57a2d4851a1d" relativeResultsDirectory="fa88b20d-b253-47a6-b364-30aed6de9b72" />
    <UnitTestResult executionId="159b743a-527e-47af-9f86-ce0962addcf7" testId="a4f088b6-978b-eb8c-2a35-63fab3cf98a2" testName="TOOL_TESTS.Vietsub.VietsubVoiceSelectionTests.Renderer_KeepsLongSpeechSpillingIntoSkippedCue" computerName="DUNGDEV" duration="00:00:00.5285872" startTime="2026-09-10T14:33:26.3968164+07:00" endTime="2026-09-10T14:33:26.9305789+07:00" testType="13cdc9d9-ddb5-4fa4-a97d-d965ccfc6d4b" outcome="Passed" testListId="8c84fa94-04c1-424b-9868-57a2d4851a1d" relativeResultsDirectory="159b743a-527e-47af-9f86-ce0962addcf7" />
    <UnitTestResult executionId="58606985-f491-48eb-82aa-65c91444dce4" testId="dbc9072e-39ea-edea-c301-145d764a385e" testName="TOOL_TESTS.Vietsub.VietsubVoiceSelectionTests.Planner_SkipsUntranslatedCue_SeparatesPhrases_AndSetsFittingTarget" computerName="DUNGDEV" duration="00:00:00.2691409" startTime="2026-09-10T14:33:25.8448225+07:00" endTime="2026-09-10T14:33:26.1266713+07:00" testType="13cdc9d9-ddb5-4fa4-a97d-d965ccfc6d4b" outcome="Passed" testListId="8c84fa94-04c1-424b-9868-57a2d4851a1d" relativeResultsDirectory="58606985-f491-48eb-82aa-65c91444dce4" />
    <UnitTestResult executionId="3a430ffe-19a0-42ad-9159-cd1f90c469da" testId="4e6096ae-fed2-d6c3-0cac-cadf2a39f9aa" testName="TOOL_TESTS.Vietsub.VietsubVoiceBoundaryTests.Renderer_PreservesOverflowingSpeechOrUnanalyzedTail(duration: 1834, signalEnd: 1834, analyze: True, expectedOverflow: 27)" computerName="DUNGDEV" duration="00:00:00.1801131" startTime="2026-09-10T14:33:27.4347329+07:00" endTime="2026-09-10T14:33:27.6157768+07:00" testType="13cdc9d9-ddb5-4fa4-a97d-d965ccfc6d4b" outcome="Passed" testListId="8c84fa94-04c1-424b-9868-57a2d4851a1d" relativeResultsDirectory="3a430ffe-19a0-42ad-9159-cd1f90c469da" />
  </Results>
  <TestDefinitions>
    <UnitTest name="TOOL_TESTS.Vietsub.VietsubVoiceSelectionTests.Renderer_KeepsLongSpeechSpillingIntoSkippedCue" storage="d:\laptrinhweb\code_outsrc\tool_auto_gen_post_video\branch-tool-sub\tool_gen_vid_ai\tool-tests\bin\release\net10.0-windows\tool-tests.dll" id="a4f088b6-978b-eb8c-2a35-63fab3cf98a2">
      <Execution id="159b743a-527e-47af-9f86-ce0962addcf7" />
      <TestMethod codeBase="D:\laptrinhweb\code_outsrc\TOOL_AUTO_GEN_POST_VIDEO\Branch-Tool-Sub\TOOL_GEN_VID_AI\TOOL-TESTS\bin\Release\net10.0-windows\TOOL-TESTS.dll" adapterTypeName="executor://xunit/VsTestRunner3/netcore/" className="TOOL_TESTS.Vietsub.VietsubVoiceSelectionTests" name="Renderer_KeepsLongSpeechSpillingIntoSkippedCue" />
    </UnitTest>
    <UnitTest name="TOOL_TESTS.Vietsub.VietsubVoiceBoundaryTests.Renderer_TrimsOnlyVerifiedTail_AndKeepsSkippedIntervalSilent(rate: 48000, cueEnd: 4000)" storage="d:\laptrinhweb\code_outsrc\tool_auto_gen_post_video\branch-tool-sub\tool_gen_vid_ai\tool-tests\bin\release\net10.0-windows\tool-tests.dll" id="4485b250-b80d-b04b-9c4f-5559a1a7e252">
      <Execution id="fa88b20d-b253-47a6-b364-30aed6de9b72" />
      <TestMethod codeBase="D:\laptrinhweb\code_outsrc\TOOL_AUTO_GEN_POST_VIDEO\Branch-Tool-Sub\TOOL_GEN_VID_AI\TOOL-TESTS\bin\Release\net10.0-windows\TOOL-TESTS.dll" adapterTypeName="executor://xunit/VsTestRunner3/netcore/" className="TOOL_TESTS.Vietsub.VietsubVoiceBoundaryTests" name="Renderer_TrimsOnlyVerifiedTail_AndKeepsSkippedIntervalSilent" />
    </UnitTest>
    <UnitTest name="TOOL_TESTS.Vietsub.VietsubVoiceSelectionTests.SplitAndDuplicate_InheritSkippedVoiceWithoutDeletingSubtitleText" storage="d:\laptrinhweb\code_outsrc\tool_auto_gen_post_video\branch-tool-sub\tool_gen_vid_ai\tool-tests\bin\release\net10.0-windows\tool-tests.dll" id="828c15b0-1df8-3a6b-9a2b-c7446d4cdded">
      <Execution id="c5c45880-2441-4aa5-b52c-a50dc07d5d87" />
      <TestMethod codeBase="D:\laptrinhweb\code_outsrc\TOOL_AUTO_GEN_POST_VIDEO\Branch-Tool-Sub\TOOL_GEN_VID_AI\TOOL-TESTS\bin\Release\net10.0-windows\TOOL-TESTS.dll" adapterTypeName="executor://xunit/VsTestRunner3/netcore/" className="TOOL_TESTS.Vietsub.VietsubVoiceSelectionTests" name="SplitAndDuplicate_InheritSkippedVoiceWithoutDeletingSubtitleText" />
    </UnitTest>
    <UnitTest name="TOOL_TESTS.Vietsub.VietsubVoiceBoundaryTests.Renderer_PreservesOverflowingSpeechOrUnanalyzedTail(duration: 1834, signalEnd: 1834, analyze: True, expectedOverflow: 27)" storage="d:\laptrinhweb\code_outsrc\tool_auto_gen_post_video\branch-tool-sub\tool_gen_vid_ai\tool-tests\bin\release\net10.0-windows\tool-tests.dll" id="4e6096ae-fed2-d6c3-0cac-cadf2a39f9aa">
      <Execution id="3a430ffe-19a0-42ad-9159-cd1f90c469da" />
      <TestMethod codeBase="D:\laptrinhweb\code_outsrc\TOOL_AUTO_GEN_POST_VIDEO\Branch-Tool-Sub\TOOL_GEN_VID_AI\TOOL-TESTS\bin\Release\net10.0-windows\TOOL-TESTS.dll" adapterTypeName="executor://xunit/VsTestRunner3/netcore/" className="TOOL_TESTS.Vietsub.VietsubVoiceBoundaryTests" name="Renderer_PreservesOverflowingSpeechOrUnanalyzedTail" />
    </UnitTest>
    <UnitTest name="TOOL_TESTS.Vietsub.VietsubVoiceBoundaryTests.Renderer_PreservesOverflowingSpeechOrUnanalyzedTail(duration: 1964, signalEnd: 1964, analyze: True, expectedOverflow: 135)" storage="d:\laptrinhweb\code_outsrc\tool_auto_gen_post_video\branch-tool-sub\tool_gen_vid_ai\tool-tests\bin\release\net10.0-windows\tool-tests.dll" id="012b3f7b-4515-ca1d-e6e2-ccde5ea80b92">
      <Execution id="359013b3-6958-4116-9fdc-436f3887b1b4" />
      <TestMethod codeBase="D:\laptrinhweb\code_outsrc\TOOL_AUTO_GEN_POST_VIDEO\Branch-Tool-Sub\TOOL_GEN_VID_AI\TOOL-TESTS\bin\Release\net10.0-windows\TOOL-TESTS.dll" adapterTypeName="executor://xunit/VsTestRunner3/netcore/" className="TOOL_TESTS.Vietsub.VietsubVoiceBoundaryTests" name="Renderer_PreservesOverflowingSpeechOrUnanalyzedTail" />
    </UnitTest>
    <UnitTest name="TOOL_TESTS.Vietsub.VietsubVoiceBoundaryTests.Renderer_PreservesOverflowingSpeechOrUnanalyzedTail(duration: 1834, signalEnd: 1793, analyze: False, expectedOverflow: 29)" storage="d:\laptrinhweb\code_outsrc\tool_auto_gen_post_video\branch-tool-sub\tool_gen_vid_ai\tool-tests\bin\release\net10.0-windows\tool-tests.dll" id="7eae9083-da77-1d76-ffed-16525fb496b6">
      <Execution id="f237307e-e9e9-4b31-81de-3bff64cdd98c" />
      <TestMethod codeBase="D:\laptrinhweb\code_outsrc\TOOL_AUTO_GEN_POST_VIDEO\Branch-Tool-Sub\TOOL_GEN_VID_AI\TOOL-TESTS\bin\Release\net10.0-windows\TOOL-TESTS.dll" adapterTypeName="executor://xunit/VsTestRunner3/netcore/" className="TOOL_TESTS.Vietsub.VietsubVoiceBoundaryTests" name="Renderer_PreservesOverflowingSpeechOrUnanalyzedTail" />
    </UnitTest>
    <UnitTest name="TOOL_TESTS.Vietsub.VietsubVoiceBoundaryTests.Renderer_PreservesCueStartingInsideSkippedInterval" storage="d:\laptrinhweb\code_outsrc\tool_auto_gen_post_video\branch-tool-sub\tool_gen_vid_ai\tool-tests\bin\release\net10.0-windows\tool-tests.dll" id="26903a2a-9d78-5312-a87e-581bfb6dbf0f">
      <Execution id="b9e60e8d-0e07-49d6-bc81-60d29c06776f" />
      <TestMethod codeBase="D:\laptrinhweb\code_outsrc\TOOL_AUTO_GEN_POST_VIDEO\Branch-Tool-Sub\TOOL_GEN_VID_AI\TOOL-TESTS\bin\Release\net10.0-windows\TOOL-TESTS.dll" adapterTypeName="executor://xunit/VsTestRunner3/netcore/" className="TOOL_TESTS.Vietsub.VietsubVoiceBoundaryTests" name="Renderer_PreservesCueStartingInsideSkippedInterval" />
    </UnitTest>
    <UnitTest name="TOOL_TESTS.Vietsub.VietsubVoiceBoundaryTests.Workflow_NewVoiceAndCacheRebuild_UseSameBoundaryPolicy_AndPreserveProgress(speechAtEnd: False, cueEnd: 3500)" storage="d:\laptrinhweb\code_outsrc\tool_auto_gen_post_video\branch-tool-sub\tool_gen_vid_ai\tool-tests\bin\release\net10.0-windows\tool-tests.dll" id="2b03e70b-a8d5-db0a-c85e-57676fbbb314">
      <Execution id="e8f2413a-5fdb-42d1-a1f5-facd0a636c10" />
      <TestMethod codeBase="D:\laptrinhweb\code_outsrc\TOOL_AUTO_GEN_POST_VIDEO\Branch-Tool-Sub\TOOL_GEN_VID_AI\TOOL-TESTS\bin\Release\net10.0-windows\TOOL-TESTS.dll" adapterTypeName="executor://xunit/VsTestRunner3/netcore/" className="TOOL_TESTS.Vietsub.VietsubVoiceBoundaryTests" name="Workflow_NewVoiceAndCacheRebuild_UseSameBoundaryPolicy_AndPreserveProgress" />
    </UnitTest>
    <UnitTest name="TOOL_TESTS.Vietsub.VietsubVoiceBoundaryTests.Renderer_TrimsOnlyVerifiedTail_AndKeepsSkippedIntervalSilent(rate: 16000, cueEnd: 3500)" storage="d:\laptrinhweb\code_outsrc\tool_auto_gen_post_video\branch-tool-sub\tool_gen_vid_ai\tool-tests\bin\release\net10.0-windows\tool-tests.dll" id="8887ef2b-4b74-5cd5-b8ef-28dcde0b0d1d">
      <Execution id="ed226474-8cde-4773-a55f-06011aa778b2" />
      <TestMethod codeBase="D:\laptrinhweb\code_outsrc\TOOL_AUTO_GEN_POST_VIDEO\Branch-Tool-Sub\TOOL_GEN_VID_AI\TOOL-TESTS\bin\Release\net10.0-windows\TOOL-TESTS.dll" adapterTypeName="executor://xunit/VsTestRunner3/netcore/" className="TOOL_TESTS.Vietsub.VietsubVoiceBoundaryTests" name="Renderer_TrimsOnlyVerifiedTail_AndKeepsSkippedIntervalSilent" />
    </UnitTest>
    <UnitTest name="TOOL_TESTS.Vietsub.VietsubVoiceSelectionTests.BatchSelection_IsAtomic_RejectsForeignCuesStaleRevisionAndActiveJobs" storage="d:\laptrinhweb\code_outsrc\tool_auto_gen_post_video\branch-tool-sub\tool_gen_vid_ai\tool-tests\bin\release\net10.0-windows\tool-tests.dll" id="f494da7b-bb40-c5e3-bf8d-e2d8e6a3584e">
      <Execution id="b8152fb4-4c63-4c8d-bc77-891b2cdeae9e" />
      <TestMethod codeBase="D:\laptrinhweb\code_outsrc\TOOL_AUTO_GEN_POST_VIDEO\Branch-Tool-Sub\TOOL_GEN_VID_AI\TOOL-TESTS\bin\Release\net10.0-windows\TOOL-TESTS.dll" adapterTypeName="executor://xunit/VsTestRunner3/netcore/" className="TOOL_TESTS.Vietsub.VietsubVoiceSelectionTests" name="BatchSelection_IsAtomic_RejectsForeignCuesStaleRevisionAndActiveJobs" />
    </UnitTest>
    <UnitTest name="TOOL_TESTS.Vietsub.VietsubVoiceSelectionTests.Planner_SkipsUntranslatedCue_SeparatesPhrases_AndSetsFittingTarget" storage="d:\laptrinhweb\code_outsrc\tool_auto_gen_post_video\branch-tool-sub\tool_gen_vid_ai\tool-tests\bin\release\net10.0-windows\tool-tests.dll" id="dbc9072e-39ea-edea-c301-145d764a385e">
      <Execution id="58606985-f491-48eb-82aa-65c91444dce4" />
      <TestMethod codeBase="D:\laptrinhweb\code_outsrc\TOOL_AUTO_GEN_POST_VIDEO\Branch-Tool-Sub\TOOL_GEN_VID_AI\TOOL-TESTS\bin\Release\net10.0-windows\TOOL-TESTS.dll" adapterTypeName="executor://xunit/VsTestRunner3/netcore/" className="TOOL_TESTS.Vietsub.VietsubVoiceSelectionTests" name="Planner_SkipsUntranslatedCue_SeparatesPhrases_AndSetsFittingTarget" />
    </UnitTest>
    <UnitTest name="TOOL_TESTS.Vietsub.VietsubVoiceBoundaryTests.Renderer_TrimsOnlyVerifiedTail_AndKeepsSkippedIntervalSilent(rate: 22050, cueEnd: 3750)" storage="d:\laptrinhweb\code_outsrc\tool_auto_gen_post_video\branch-tool-sub\tool_gen_vid_ai\tool-tests\bin\release\net10.0-windows\tool-tests.dll" id="73d8d05a-c1ca-d793-d22e-b1f88ea8e3ef">
      <Execution id="93e489ee-9823-4502-885c-223246935826" />
      <TestMethod codeBase="D:\laptrinhweb\code_outsrc\TOOL_AUTO_GEN_POST_VIDEO\Branch-Tool-Sub\TOOL_GEN_VID_AI\TOOL-TESTS\bin\Release\net10.0-windows\TOOL-TESTS.dll" adapterTypeName="executor://xunit/VsTestRunner3/netcore/" className="TOOL_TESTS.Vietsub.VietsubVoiceBoundaryTests" name="Renderer_TrimsOnlyVerifiedTail_AndKeepsSkippedIntervalSilent" />
    </UnitTest>
    <UnitTest name="TOOL_TESTS.Vietsub.VietsubVoiceBoundaryTests.Workflow_NewVoiceAndCacheRebuild_UseSameBoundaryPolicy_AndPreserveProgress(speechAtEnd: False, cueEnd: 4000)" storage="d:\laptrinhweb\code_outsrc\tool_auto_gen_post_video\branch-tool-sub\tool_gen_vid_ai\tool-tests\bin\release\net10.0-windows\tool-tests.dll" id="77f80fd0-b8d4-5dda-7da6-380112a4af7f">
      <Execution id="1fb8ab4c-eae2-41aa-be3e-2fd52cbd3b2f" />
      <TestMethod codeBase="D:\laptrinhweb\code_outsrc\TOOL_AUTO_GEN_POST_VIDEO\Branch-Tool-Sub\TOOL_GEN_VID_AI\TOOL-TESTS\bin\Release\net10.0-windows\TOOL-TESTS.dll" adapterTypeName="executor://xunit/VsTestRunner3/netcore/" className="TOOL_TESTS.Vietsub.VietsubVoiceBoundaryTests" name="Workflow_NewVoiceAndCacheRebuild_UseSameBoundaryPolicy_AndPreserveProgress" />
    </UnitTest>
    <UnitTest name="TOOL_TESTS.Vietsub.VietsubVoiceBoundaryTests.Workflow_NewVoiceAndCacheRebuild_UseSameBoundaryPolicy_AndPreserveProgress(speechAtEnd: True, cueEnd: 3500)" storage="d:\laptrinhweb\code_outsrc\tool_auto_gen_post_video\branch-tool-sub\tool_gen_vid_ai\tool-tests\bin\release\net10.0-windows\tool-tests.dll" id="f1ddc1c9-f168-1ea0-825c-6b2fdb43e6cc">
      <Execution id="c1f70235-b2e6-4c24-a111-220ab2c0b97e" />
      <TestMethod codeBase="D:\laptrinhweb\code_outsrc\TOOL_AUTO_GEN_POST_VIDEO\Branch-Tool-Sub\TOOL_GEN_VID_AI\TOOL-TESTS\bin\Release\net10.0-windows\TOOL-TESTS.dll" adapterTypeName="executor://xunit/VsTestRunner3/netcore/" className="TOOL_TESTS.Vietsub.VietsubVoiceBoundaryTests" name="Workflow_NewVoiceAndCacheRebuild_UseSameBoundaryPolicy_AndPreserveProgress" />
    </UnitTest>
    <UnitTest name="TOOL_TESTS.Vietsub.VietsubVoiceSelectionTests.Schema5Migration_DefaultsExistingCuesToEnabled_AndPreservesSelectionOnReopen" storage="d:\laptrinhweb\code_outsrc\tool_auto_gen_post_video\branch-tool-sub\tool_gen_vid_ai\tool-tests\bin\release\net10.0-windows\tool-tests.dll" id="4db8e401-b61a-7371-a91a-a965c3e4f32a">
      <Execution id="9edee447-4954-4f63-b24e-fb12db221a1b" />
      <TestMethod codeBase="D:\laptrinhweb\code_outsrc\TOOL_AUTO_GEN_POST_VIDEO\Branch-Tool-Sub\TOOL_GEN_VID_AI\TOOL-TESTS\bin\Release\net10.0-windows\TOOL-TESTS.dll" adapterTypeName="executor://xunit/VsTestRunner3/netcore/" className="TOOL_TESTS.Vietsub.VietsubVoiceSelectionTests" name="Schema5Migration_DefaultsExistingCuesToEnabled_AndPreservesSelectionOnReopen" />
    </UnitTest>
  </TestDefinitions>
  <TestEntries>
    <TestEntry testId="77f80fd0-b8d4-5dda-7da6-380112a4af7f" executionId="1fb8ab4c-eae2-41aa-be3e-2fd52cbd3b2f" testListId="8c84fa94-04c1-424b-9868-57a2d4851a1d" />
    <TestEntry testId="f1ddc1c9-f168-1ea0-825c-6b2fdb43e6cc" executionId="c1f70235-b2e6-4c24-a111-220ab2c0b97e" testListId="8c84fa94-04c1-424b-9868-57a2d4851a1d" />
    <TestEntry testId="8887ef2b-4b74-5cd5-b8ef-28dcde0b0d1d" executionId="ed226474-8cde-4773-a55f-06011aa778b2" testListId="8c84fa94-04c1-424b-9868-57a2d4851a1d" />
    <TestEntry testId="4db8e401-b61a-7371-a91a-a965c3e4f32a" executionId="9edee447-4954-4f63-b24e-fb12db221a1b" testListId="8c84fa94-04c1-424b-9868-57a2d4851a1d" />
    <TestEntry testId="012b3f7b-4515-ca1d-e6e2-ccde5ea80b92" executionId="359013b3-6958-4116-9fdc-436f3887b1b4" testListId="8c84fa94-04c1-424b-9868-57a2d4851a1d" />
    <TestEntry testId="7eae9083-da77-1d76-ffed-16525fb496b6" executionId="f237307e-e9e9-4b31-81de-3bff64cdd98c" testListId="8c84fa94-04c1-424b-9868-57a2d4851a1d" />
    <TestEntry testId="73d8d05a-c1ca-d793-d22e-b1f88ea8e3ef" executionId="93e489ee-9823-4502-885c-223246935826" testListId="8c84fa94-04c1-424b-9868-57a2d4851a1d" />
    <TestEntry testId="2b03e70b-a8d5-db0a-c85e-57676fbbb314" executionId="e8f2413a-5fdb-42d1-a1f5-facd0a636c10" testListId="8c84fa94-04c1-424b-9868-57a2d4851a1d" />
    <TestEntry testId="f494da7b-bb40-c5e3-bf8d-e2d8e6a3584e" executionId="b8152fb4-4c63-4c8d-bc77-891b2cdeae9e" testListId="8c84fa94-04c1-424b-9868-57a2d4851a1d" />
    <TestEntry testId="828c15b0-1df8-3a6b-9a2b-c7446d4cdded" executionId="c5c45880-2441-4aa5-b52c-a50dc07d5d87" testListId="8c84fa94-04c1-424b-9868-57a2d4851a1d" />
    <TestEntry testId="26903a2a-9d78-5312-a87e-581bfb6dbf0f" executionId="b9e60e8d-0e07-49d6-bc81-60d29c06776f" testListId="8c84fa94-04c1-424b-9868-57a2d4851a1d" />
    <TestEntry testId="4485b250-b80d-b04b-9c4f-5559a1a7e252" executionId="fa88b20d-b253-47a6-b364-30aed6de9b72" testListId="8c84fa94-04c1-424b-9868-57a2d4851a1d" />
    <TestEntry testId="a4f088b6-978b-eb8c-2a35-63fab3cf98a2" executionId="159b743a-527e-47af-9f86-ce0962addcf7" testListId="8c84fa94-04c1-424b-9868-57a2d4851a1d" />
    <TestEntry testId="dbc9072e-39ea-edea-c301-145d764a385e" executionId="58606985-f491-48eb-82aa-65c91444dce4" testListId="8c84fa94-04c1-424b-9868-57a2d4851a1d" />
    <TestEntry testId="4e6096ae-fed2-d6c3-0cac-cadf2a39f9aa" executionId="3a430ffe-19a0-42ad-9159-cd1f90c469da" testListId="8c84fa94-04c1-424b-9868-57a2d4851a1d" />
  </TestEntries>
  <TestLists>
    <TestList name="Results Not in a List" id="8c84fa94-04c1-424b-9868-57a2d4851a1d" />
    <TestList name="All Loaded Results" id="19431567-8539-422a-85d7-44ee4e166bda" />
  </TestLists>
  <ResultSummary outcome="Completed">
    <Counters total="15" executed="15" passed="15" failed="0" error="0" timeout="0" aborted="0" inconclusive="0" passedButRunAborted="0" notRunnable="0" notExecuted="0" disconnected="0" warning="0" completed="0" inProgress="0" pending="0" />
    <Output>
      <StdOut>[xUnit.net 00:00:00.00] xUnit.net VSTest Adapter v3.0.2+dd36e86129 (64-bit .NET 10.0.9)&#xD;
[xUnit.net 00:00:01.55]   Discovering: TOOL-TESTS&#xD;
[xUnit.net 00:00:01.76]   Discovered:  TOOL-TESTS&#xD;
[xUnit.net 00:00:01.79]   Starting:    TOOL-TESTS&#xD;
[xUnit.net 00:00:12.31]   Finished:    TOOL-TESTS&#xD;
</StdOut>
    </Output>
  </ResultSummary>
</TestRun>